DBS voltage pulse train stimulation of active STN neuron POPULATION

Voltage stimulus params: freq=variable Hz, pw=0.210000, delay=10.000000 ms, dur=variable, amp=30.000000, polarity=1, # test pulses = 2 
Other params: tstop=124.705882 ms, dt=0.010000 ms, steps_per_ms=20.000000 ms, AP_delay=4.000000, number of nodes=28, epsilon=0.100000, AP_counter at node 26 

Cell locations (x,y,z)
-6273.890000	5636.790000	-2189.750000
-6169.790000	5713.290000	-2696.910000
-6180.220000	5715.970000	-2770.250000
-6174.470000	5420.950000	-1935.630000
-5646.830000	5786.750000	-2569.180000
-5699.360000	5333.240000	-2013.310000
-5275.840000	5274.780000	-2122.060000
-5208.580000	6094.030000	-2524.170000
-5183.890000	5208.350000	-2748.910000
-5191.510000	4951.280000	-2249.660000
-4916.670000	4929.440000	-2373.340000
-4830.970000	5072.290000	-2526.640000
-4654.910000	5443.690000	-2777.150000


Stimulus voltage pulse frequency: 136.000000
Times of stimulus pulses
Voltage Pulse 	 Time 
1 	 10.000000
2 	 17.352941
